{
    "message": "dataset_id does not exist",
    "status": 1
}
