{
    "message": "task_id does not exist",
    "status": 1
}
