{
    "context": {
        "dataset_id": "dataset-1",
        "ev_keys": [
            "k-1",
            "k-2"
        ],
        "evaluations": [
            {
                "blinded": true,
                "input_run_id": "run-0-example_participant",
                "input_software_name": "Run Upload",
                "measures": [
                    2.0,
                    1.0
                ],
                "published": true,
                "run_id": "run-0-example_participant-eval",
                "vm_id": "example_participant"
            },
            {
                "blinded": true,
                "input_run_id": "run-0-participant-1",
                "input_software_name": "Run Upload",
                "measures": [
                    1.9,
                    1.1
                ],
                "published": true,
                "run_id": "run-0-participant-1-eval",
                "vm_id": "participant-1"
            },
            {
                "blinded": true,
                "input_run_id": "run-0-participant-2",
                "input_software_name": "Run Upload",
                "measures": [
                    1.8,
                    1.2
                ],
                "published": false,
                "run_id": "run-0-participant-2-eval",
                "vm_id": "participant-2"
            },
            {
                "blinded": true,
                "input_run_id": "run-1-example_participant",
                "input_software_name": "Run Upload",
                "measures": [
                    1.7,
                    1.3
                ],
                "published": true,
                "run_id": "run-1-example_participant-eval",
                "vm_id": "example_participant"
            },
            {
                "blinded": true,
                "input_run_id": "run-1-participant-1",
                "input_software_name": "Run Upload",
                "measures": [
                    1.6,
                    1.4
                ],
                "published": true,
                "run_id": "run-1-participant-1-eval",
                "vm_id": "participant-1"
            },
            {
                "blinded": true,
                "input_run_id": "run-1-participant-2",
                "input_software_name": "Run Upload",
                "measures": [
                    1.5,
                    1.5
                ],
                "published": false,
                "run_id": "run-1-participant-2-eval",
                "vm_id": "participant-2"
            },
            {
                "blinded": true,
                "input_run_id": "run-2-example_participant",
                "input_software_name": "Run Upload",
                "measures": [
                    1.4,
                    1.6
                ],
                "published": true,
                "run_id": "run-2-example_participant-eval",
                "vm_id": "example_participant"
            },
            {
                "blinded": true,
                "input_run_id": "run-2-participant-1",
                "input_software_name": "Run Upload",
                "measures": [
                    1.3,
                    1.7
                ],
                "published": true,
                "run_id": "run-2-participant-1-eval",
                "vm_id": "participant-1"
            },
            {
                "blinded": true,
                "input_run_id": "run-2-participant-2",
                "input_software_name": "Run Upload",
                "measures": [
                    1.2,
                    1.8
                ],
                "published": false,
                "run_id": "run-2-participant-2-eval",
                "vm_id": "participant-2"
            },
            {
                "blinded": true,
                "input_run_id": "run-3-example_participant",
                "input_software_name": "Run Upload",
                "measures": [
                    1.1,
                    1.9
                ],
                "published": true,
                "run_id": "run-3-example_participant-eval",
                "vm_id": "example_participant"
            },
            {
                "blinded": true,
                "input_run_id": "run-3-participant-1",
                "input_software_name": "Run Upload",
                "measures": [
                    1.0,
                    2.0
                ],
                "published": true,
                "run_id": "run-3-participant-1-eval",
                "vm_id": "participant-1"
            },
            {
                "blinded": true,
                "input_run_id": "run-3-participant-2",
                "input_software_name": "Run Upload",
                "measures": [
                    0.9,
                    2.1
                ],
                "published": false,
                "run_id": "run-3-participant-2-eval",
                "vm_id": "participant-2"
            },
            {
                "blinded": true,
                "input_run_id": "run-4-example_participant",
                "input_software_name": "Run Upload",
                "measures": [
                    0.8,
                    2.2
                ],
                "published": true,
                "run_id": "run-4-example_participant-eval",
                "vm_id": "example_participant"
            },
            {
                "blinded": true,
                "input_run_id": "run-4-participant-1",
                "input_software_name": "Run Upload",
                "measures": [
                    0.7,
                    2.3
                ],
                "published": true,
                "run_id": "run-4-participant-1-eval",
                "vm_id": "participant-1"
            },
            {
                "blinded": true,
                "input_run_id": "run-4-participant-2",
                "input_software_name": "Run Upload",
                "measures": [
                    0.6,
                    2.4
                ],
                "published": false,
                "run_id": "run-4-participant-2-eval",
                "vm_id": "participant-2"
            },
            {
                "blinded": true,
                "input_run_id": "run-5-example_participant",
                "input_software_name": "Run Upload",
                "measures": [
                    0.5,
                    2.5
                ],
                "published": true,
                "run_id": "run-5-example_participant-eval",
                "vm_id": "example_participant"
            },
            {
                "blinded": true,
                "input_run_id": "run-5-participant-1",
                "input_software_name": "Run Upload",
                "measures": [
                    0.4,
                    2.6
                ],
                "published": true,
                "run_id": "run-5-participant-1-eval",
                "vm_id": "participant-1"
            },
            {
                "blinded": true,
                "input_run_id": "run-5-participant-2",
                "input_software_name": "Run Upload",
                "measures": [
                    0.3,
                    2.7
                ],
                "published": false,
                "run_id": "run-5-participant-2-eval",
                "vm_id": "participant-2"
            },
            {
                "blinded": true,
                "input_run_id": "run-6-example_participant",
                "input_software_name": "Run Upload",
                "measures": [
                    0.2,
                    2.8
                ],
                "published": true,
                "run_id": "run-6-example_participant-eval",
                "vm_id": "example_participant"
            },
            {
                "blinded": true,
                "input_run_id": "run-6-participant-1",
                "input_software_name": "Run Upload",
                "measures": [
                    0.1,
                    2.9
                ],
                "published": true,
                "run_id": "run-6-participant-1-eval",
                "vm_id": "participant-1"
            },
            {
                "blinded": true,
                "input_run_id": "run-6-participant-2",
                "input_software_name": "Run Upload",
                "measures": [
                    -0.0,
                    3.0
                ],
                "published": false,
                "run_id": "run-6-participant-2-eval",
                "vm_id": "participant-2"
            },
            {
                "blinded": true,
                "input_run_id": "run-7-example_participant",
                "input_software_name": "Run Upload",
                "measures": [
                    -0.1,
                    3.1
                ],
                "published": true,
                "run_id": "run-7-example_participant-eval",
                "vm_id": "example_participant"
            },
            {
                "blinded": true,
                "input_run_id": "run-7-participant-1",
                "input_software_name": "Run Upload",
                "measures": [
                    -0.2,
                    3.2
                ],
                "published": true,
                "run_id": "run-7-participant-1-eval",
                "vm_id": "participant-1"
            },
            {
                "blinded": true,
                "input_run_id": "run-7-participant-2",
                "input_software_name": "Run Upload",
                "measures": [
                    -0.3,
                    3.3
                ],
                "published": false,
                "run_id": "run-7-participant-2-eval",
                "vm_id": "participant-2"
            },
            {
                "blinded": true,
                "input_run_id": "run-8-example_participant",
                "input_software_name": "Run Upload",
                "measures": [
                    -0.4,
                    3.4
                ],
                "published": true,
                "run_id": "run-8-example_participant-eval",
                "vm_id": "example_participant"
            },
            {
                "blinded": true,
                "input_run_id": "run-8-participant-1",
                "input_software_name": "Run Upload",
                "measures": [
                    -0.5,
                    3.5
                ],
                "published": true,
                "run_id": "run-8-participant-1-eval",
                "vm_id": "participant-1"
            },
            {
                "blinded": true,
                "input_run_id": "run-8-participant-2",
                "input_software_name": "Run Upload",
                "measures": [
                    -0.6,
                    3.6
                ],
                "published": false,
                "run_id": "run-8-participant-2-eval",
                "vm_id": "participant-2"
            },
            {
                "blinded": true,
                "input_run_id": "run-9-example_participant",
                "input_software_name": "Run Upload",
                "measures": [
                    -0.7,
                    3.7
                ],
                "published": true,
                "run_id": "run-9-example_participant-eval",
                "vm_id": "example_participant"
            },
            {
                "blinded": true,
                "input_run_id": "run-9-participant-1",
                "input_software_name": "Run Upload",
                "measures": [
                    -0.8,
                    3.8
                ],
                "published": true,
                "run_id": "run-9-participant-1-eval",
                "vm_id": "participant-1"
            },
            {
                "blinded": true,
                "input_run_id": "run-9-participant-2",
                "input_software_name": "Run Upload",
                "measures": [
                    -0.9,
                    3.9
                ],
                "published": false,
                "run_id": "run-9-participant-2-eval",
                "vm_id": "participant-2"
            }
        ],
        "include_navigation": false,
        "role": "admin",
        "runs": [
            {
                "blinded": true,
                "input_software_name": "Run Upload",
                "k-1": 2.0,
                "k-2": 1.0,
                "link_to_team": "https://www.tira.io/g/tira_vm_example_participant",
                "published": true,
                "run_id": "run-0-example_participant",
                "vm_id": "example_participant"
            },
            {
                "blinded": true,
                "input_software_name": "Run Upload",
                "k-1": 1.9,
                "k-2": 1.1,
                "link_to_team": "https://www.tira.io/g/tira_vm_participant-1",
                "published": true,
                "run_id": "run-0-participant-1",
                "vm_id": "participant-1"
            },
            {
                "blinded": true,
                "input_software_name": "Run Upload",
                "k-1": 1.8,
                "k-2": 1.2,
                "link_to_team": "https://www.tira.io/g/tira_vm_participant-2",
                "published": false,
                "run_id": "run-0-participant-2",
                "vm_id": "participant-2"
            },
            {
                "blinded": true,
                "input_software_name": "Run Upload",
                "k-1": 1.7,
                "k-2": 1.3,
                "link_to_team": "https://www.tira.io/g/tira_vm_example_participant",
                "published": true,
                "run_id": "run-1-example_participant",
                "vm_id": "example_participant"
            },
            {
                "blinded": true,
                "input_software_name": "Run Upload",
                "k-1": 1.6,
                "k-2": 1.4,
                "link_to_team": "https://www.tira.io/g/tira_vm_participant-1",
                "published": true,
                "run_id": "run-1-participant-1",
                "vm_id": "participant-1"
            },
            {
                "blinded": true,
                "input_software_name": "Run Upload",
                "k-1": 1.5,
                "k-2": 1.5,
                "link_to_team": "https://www.tira.io/g/tira_vm_participant-2",
                "published": false,
                "run_id": "run-1-participant-2",
                "vm_id": "participant-2"
            },
            {
                "blinded": true,
                "input_software_name": "Run Upload",
                "k-1": 1.4,
                "k-2": 1.6,
                "link_to_team": "https://www.tira.io/g/tira_vm_example_participant",
                "published": true,
                "run_id": "run-2-example_participant",
                "vm_id": "example_participant"
            },
            {
                "blinded": true,
                "input_software_name": "Run Upload",
                "k-1": 1.3,
                "k-2": 1.7,
                "link_to_team": "https://www.tira.io/g/tira_vm_participant-1",
                "published": true,
                "run_id": "run-2-participant-1",
                "vm_id": "participant-1"
            },
            {
                "blinded": true,
                "input_software_name": "Run Upload",
                "k-1": 1.2,
                "k-2": 1.8,
                "link_to_team": "https://www.tira.io/g/tira_vm_participant-2",
                "published": false,
                "run_id": "run-2-participant-2",
                "vm_id": "participant-2"
            },
            {
                "blinded": true,
                "input_software_name": "Run Upload",
                "k-1": 1.1,
                "k-2": 1.9,
                "link_to_team": "https://www.tira.io/g/tira_vm_example_participant",
                "published": true,
                "run_id": "run-3-example_participant",
                "vm_id": "example_participant"
            },
            {
                "blinded": true,
                "input_software_name": "Run Upload",
                "k-1": 1.0,
                "k-2": 2.0,
                "link_to_team": "https://www.tira.io/g/tira_vm_participant-1",
                "published": true,
                "run_id": "run-3-participant-1",
                "vm_id": "participant-1"
            },
            {
                "blinded": true,
                "input_software_name": "Run Upload",
                "k-1": 0.9,
                "k-2": 2.1,
                "link_to_team": "https://www.tira.io/g/tira_vm_participant-2",
                "published": false,
                "run_id": "run-3-participant-2",
                "vm_id": "participant-2"
            },
            {
                "blinded": true,
                "input_software_name": "Run Upload",
                "k-1": 0.8,
                "k-2": 2.2,
                "link_to_team": "https://www.tira.io/g/tira_vm_example_participant",
                "published": true,
                "run_id": "run-4-example_participant",
                "vm_id": "example_participant"
            },
            {
                "blinded": true,
                "input_software_name": "Run Upload",
                "k-1": 0.7,
                "k-2": 2.3,
                "link_to_team": "https://www.tira.io/g/tira_vm_participant-1",
                "published": true,
                "run_id": "run-4-participant-1",
                "vm_id": "participant-1"
            },
            {
                "blinded": true,
                "input_software_name": "Run Upload",
                "k-1": 0.6,
                "k-2": 2.4,
                "link_to_team": "https://www.tira.io/g/tira_vm_participant-2",
                "published": false,
                "run_id": "run-4-participant-2",
                "vm_id": "participant-2"
            },
            {
                "blinded": true,
                "input_software_name": "Run Upload",
                "k-1": 0.5,
                "k-2": 2.5,
                "link_to_team": "https://www.tira.io/g/tira_vm_example_participant",
                "published": true,
                "run_id": "run-5-example_participant",
                "vm_id": "example_participant"
            },
            {
                "blinded": true,
                "input_software_name": "Run Upload",
                "k-1": 0.4,
                "k-2": 2.6,
                "link_to_team": "https://www.tira.io/g/tira_vm_participant-1",
                "published": true,
                "run_id": "run-5-participant-1",
                "vm_id": "participant-1"
            },
            {
                "blinded": true,
                "input_software_name": "Run Upload",
                "k-1": 0.3,
                "k-2": 2.7,
                "link_to_team": "https://www.tira.io/g/tira_vm_participant-2",
                "published": false,
                "run_id": "run-5-participant-2",
                "vm_id": "participant-2"
            },
            {
                "blinded": true,
                "input_software_name": "Run Upload",
                "k-1": 0.2,
                "k-2": 2.8,
                "link_to_team": "https://www.tira.io/g/tira_vm_example_participant",
                "published": true,
                "run_id": "run-6-example_participant",
                "vm_id": "example_participant"
            },
            {
                "blinded": true,
                "input_software_name": "Run Upload",
                "k-1": 0.1,
                "k-2": 2.9,
                "link_to_team": "https://www.tira.io/g/tira_vm_participant-1",
                "published": true,
                "run_id": "run-6-participant-1",
                "vm_id": "participant-1"
            },
            {
                "blinded": true,
                "input_software_name": "Run Upload",
                "k-1": -0.0,
                "k-2": 3.0,
                "link_to_team": "https://www.tira.io/g/tira_vm_participant-2",
                "published": false,
                "run_id": "run-6-participant-2",
                "vm_id": "participant-2"
            },
            {
                "blinded": true,
                "input_software_name": "Run Upload",
                "k-1": -0.1,
                "k-2": 3.1,
                "link_to_team": "https://www.tira.io/g/tira_vm_example_participant",
                "published": true,
                "run_id": "run-7-example_participant",
                "vm_id": "example_participant"
            },
            {
                "blinded": true,
                "input_software_name": "Run Upload",
                "k-1": -0.2,
                "k-2": 3.2,
                "link_to_team": "https://www.tira.io/g/tira_vm_participant-1",
                "published": true,
                "run_id": "run-7-participant-1",
                "vm_id": "participant-1"
            },
            {
                "blinded": true,
                "input_software_name": "Run Upload",
                "k-1": -0.3,
                "k-2": 3.3,
                "link_to_team": "https://www.tira.io/g/tira_vm_participant-2",
                "published": false,
                "run_id": "run-7-participant-2",
                "vm_id": "participant-2"
            },
            {
                "blinded": true,
                "input_software_name": "Run Upload",
                "k-1": -0.4,
                "k-2": 3.4,
                "link_to_team": "https://www.tira.io/g/tira_vm_example_participant",
                "published": true,
                "run_id": "run-8-example_participant",
                "vm_id": "example_participant"
            },
            {
                "blinded": true,
                "input_software_name": "Run Upload",
                "k-1": -0.5,
                "k-2": 3.5,
                "link_to_team": "https://www.tira.io/g/tira_vm_participant-1",
                "published": true,
                "run_id": "run-8-participant-1",
                "vm_id": "participant-1"
            },
            {
                "blinded": true,
                "input_software_name": "Run Upload",
                "k-1": -0.6,
                "k-2": 3.6,
                "link_to_team": "https://www.tira.io/g/tira_vm_participant-2",
                "published": false,
                "run_id": "run-8-participant-2",
                "vm_id": "participant-2"
            },
            {
                "blinded": true,
                "input_software_name": "Run Upload",
                "k-1": -0.7,
                "k-2": 3.7,
                "link_to_team": "https://www.tira.io/g/tira_vm_example_participant",
                "published": true,
                "run_id": "run-9-example_participant",
                "vm_id": "example_participant"
            },
            {
                "blinded": true,
                "input_software_name": "Run Upload",
                "k-1": -0.8,
                "k-2": 3.8,
                "link_to_team": "https://www.tira.io/g/tira_vm_participant-1",
                "published": true,
                "run_id": "run-9-participant-1",
                "vm_id": "participant-1"
            },
            {
                "blinded": true,
                "input_software_name": "Run Upload",
                "k-1": -0.9,
                "k-2": 3.9,
                "link_to_team": "https://www.tira.io/g/tira_vm_participant-2",
                "published": false,
                "run_id": "run-9-participant-2",
                "vm_id": "participant-2"
            }
        ],
        "table_headers": [
            {
                "key": "vm_id",
                "title": "Team"
            },
            {
                "key": "input_software_name",
                "title": "Approach"
            },
            {
                "key": "run_id",
                "title": "Run"
            },
            {
                "key": "k-1",
                "title": "k-1"
            },
            {
                "key": "k-2",
                "title": "k-2"
            },
            {
                "key": "actions",
                "sortable": false,
                "title": ""
            }
        ],
        "table_headers_small_layout": [
            {
                "key": "input_software_name",
                "title": "Approach"
            },
            {
                "key": "k-1",
                "title": "k-1"
            }
        ],
        "table_sort_by": [
            {
                "key": "k-1",
                "order": "desc"
            }
        ],
        "task_id": "shared-task-1",
        "user_id": "ignored-user."
    },
    "status": 0
}
