{
    "md5_of_first_kilobyte": "c499ee49812b41d6aa92fc14063bbf91",
    "redirect_url": {
        "urls": [
            "https://files.webis.de/data-in-production/data-research/tira-zenodo-dump-preparation/ir-lab-sose2024/anthology-20240408-inputs.zip?download=1"
        ]
    },
    "tira_url": "https://www.tira.io/data-download/training/input-/anthology-20240408-training.zip"
}
