{
    "md5_of_first_kilobyte": "8f073b86217bfec6044e6d318ebeea4a",
    "redirect_url": {
        "urls": [
            "https://files.webis.de/data-in-production/data-research/tira-zenodo-dump-preparation/reneuir-2024/corpora/ms-marco-100-queries-20240629-inputs.zip?download=1"
        ]
    },
    "tira_url": "https://www.tira.io/data-download/training/input-/ms-marco-100-queries-20240629-training.zip"
}
