{
    "md5_of_first_kilobyte": "bc7f0001a20127815e22178105be0e56",
    "redirect_url": {
        "urls": [
            "https://files.webis.de/data-in-production/data-research/tira-zenodo-dump-preparation/reneuir-2024/corpora/dl-top-100-docs-20240701-inputs.zip?download=1"
        ]
    },
    "tira_url": "https://www.tira.io/data-download/training/input-/dl-top-100-docs-20240701-training.zip"
}
