{
    "md5_of_first_kilobyte": "b97119f57e2c201af1e4a032a894f9d5",
    "redirect_url": {
        "urls": [
            "https://files.webis.de/data-in-production/data-research/tira-zenodo-dump-preparation/reneuir-2024/corpora/dl-top-1000-docs-20240701-truth.zip?download=1"
        ]
    },
    "tira_url": "https://www.tira.io/data-download/training/input-truth/dl-top-1000-docs-20240701-training.zip"
}
