{
    "md5_of_first_kilobyte": "e17df9c50fd9c527327fbfbb5f4d2112",
    "redirect_url": {
        "urls": [
            "https://files.webis.de/data-in-production/data-research/tira-zenodo-dump-preparation/reneuir-2024/corpora/dl-top-100-docs-20240701-truth.zip?download=1"
        ]
    },
    "tira_url": "https://www.tira.io/data-download/training/input-truth/dl-top-100-docs-20240701-training.zip"
}
