{
    "md5_of_first_kilobyte": "e75be09e921377a50260a61359e4716c",
    "redirect_url": {
        "urls": [
            "https://files.webis.de/data-in-production/data-research/tira-zenodo-dump-preparation/reneuir-2024/corpora/ms-marco-all-dev-queries-20240629-truth.zip?download=1"
        ]
    },
    "tira_url": "https://www.tira.io/data-download/training/input-truth/ms-marco-all-dev-queries-20240629-training.zip"
}
