{
    "ir-benchmarks/tira-ir-starter/Index (tira-ir-starter-pyterrier)": {
        "antique-test-20230107-training": {
            "md5_of_first_kilobyte": "b55c61b1e3188c92f6451a66921c9490",
            "redirect_url": {
                "run_id": "2023-01-07-13-40-04",
                "url": "https://files.webis.de/data-in-production/data-research/tira-zenodo-dump-preparation/pyterrier-indexes/2023-01-07-13-40-04.zip"
            },
            "redirected_run_url": {
                "run_id": "2023-01-07-13-40-04",
                "url": "https://files.webis.de/data-in-production/data-research/tira-zenodo-dump-preparation/pyterrier-indexes/2023-01-07-13-40-04.zip"
            },
            "run_execution": {
                "dataset": "antique-test-20230107-training",
                "run_id": "2023-01-07-13-40-04",
                "task": "ir-benchmarks",
                "team": "tira-ir-starter"
            },
            "run_url": "https://www.tira.io/task/ir-benchmarks/user/tira-ir-starter/dataset/antique-test-20230107-training/download/Index (tira-ir-starter-pyterrier).zip"
        },
        "msmarco-passage-trec-dl-2019-judged-20230107-training": {
            "md5_of_first_kilobyte": "2ab6080ab76182d7b55661d355771007",
            "redirect_url": {
                "run_id": "2023-01-07-22-09-56",
                "url": "https://files.webis.de/data-in-production/data-research/tira-zenodo-dump-preparation/pyterrier-indexes/2023-01-07-22-09-56.zip"
            },
            "redirected_run_url": {
                "run_id": "2023-01-07-22-09-56",
                "url": "https://files.webis.de/data-in-production/data-research/tira-zenodo-dump-preparation/pyterrier-indexes/2023-01-07-22-09-56.zip"
            },
            "run_execution": {
                "dataset": "msmarco-passage-trec-dl-2019-judged-20230107-training",
                "run_id": "2023-01-07-22-09-56",
                "task": "ir-benchmarks",
                "team": "tira-ir-starter"
            },
            "run_url": "https://www.tira.io/task/ir-benchmarks/user/tira-ir-starter/dataset/msmarco-passage-trec-dl-2019-judged-20230107-training/download/Index (tira-ir-starter-pyterrier).zip"
        },
        "msmarco-passage-trec-dl-2020-judged-20230107-training": {
            "md5_of_first_kilobyte": "2ab6080ab76182d7b55661d355771007",
            "redirect_url": {
                "run_id": "2023-01-07-22-09-56",
                "url": "https://files.webis.de/data-in-production/data-research/tira-zenodo-dump-preparation/pyterrier-indexes/2023-01-07-22-09-56.zip"
            },
            "redirected_run_url": {
                "run_id": "2023-01-07-22-09-56",
                "url": "https://files.webis.de/data-in-production/data-research/tira-zenodo-dump-preparation/pyterrier-indexes/2023-01-07-22-09-56.zip"
            },
            "run_execution": {
                "dataset": "msmarco-passage-trec-dl-2020-judged-20230107-training",
                "run_id": "2023-01-07-22-09-56",
                "task": "ir-benchmarks",
                "team": "tira-ir-starter"
            },
            "run_url": "https://www.tira.io/task/ir-benchmarks/user/tira-ir-starter/dataset/msmarco-passage-trec-dl-2020-judged-20230107-training/download/Index (tira-ir-starter-pyterrier).zip"
        }
    }
}
