['{"this_reference": "suspicious-document00172.txt", "this_offset": 25864, "this_length": 3198, "source_reference": "source-document02345.txt", "source_offset": 815204, "source_length": 4544, "is_external": true, "type": "plagiarism"}', '{"this_reference": "suspicious-document00172.txt", "this_offset": 152819, "this_length": 2710, "source_reference": "source-document02345.txt", "source_offset": 1191305, "source_length": 3256, "is_external": true, "type": "plagiarism"}', '{"this_reference": "suspicious-document00028.txt", "this_offset": 364, "this_length": 2313, "source_reference": "source-document00263.txt", "source_offset": 23444, "source_length": 2555, "is_external": true, "type": "plagiarism"}', '{"this_reference": "suspicious-document00028.txt", "this_offset": 2678, "this_length": 277, "source_reference": "source-document00263.txt", "source_offset": 1975, "source_length": 267, "is_external": true, "type": "plagiarism"}']
