[
    {
        "is_external": true,
        "source_length": 4544,
        "source_offset": 815204,
        "source_reference": "source-document02345.txt",
        "this_length": 3198,
        "this_offset": 25864,
        "this_reference": "suspicious-document00172.txt",
        "type": "plagiarism"
    },
    {
        "is_external": true,
        "source_length": 3256,
        "source_offset": 1191305,
        "source_reference": "source-document02345.txt",
        "this_length": 2710,
        "this_offset": 152819,
        "this_reference": "suspicious-document00172.txt",
        "type": "plagiarism"
    },
    {
        "is_external": true,
        "source_length": 2555,
        "source_offset": 23444,
        "source_reference": "source-document00263.txt",
        "this_length": 2313,
        "this_offset": 364,
        "this_reference": "suspicious-document00028.txt",
        "type": "plagiarism"
    },
    {
        "is_external": true,
        "source_length": 267,
        "source_offset": 1975,
        "source_reference": "source-document00263.txt",
        "this_length": 277,
        "this_offset": 2678,
        "this_reference": "suspicious-document00028.txt",
        "type": "plagiarism"
    }
]
